Building for debugging...
[Using on-disk description]
[3 / 7] TagIOTests-product
error: SwiftCompile normal arm64 /Users/olive/code/omnitag/Tests/TagIOTests/MPEG4ChapterWriterTests.swift failed with a nonzero exit code. Command line:     cd /Users/olive/code
    builtin-SwiftPerFileCompile MPEG4ChapterWriterTests.swift
/Users/olive/code/omnitag/Tests/TagIOTests/MPEG4ChapterWriterTests.swift:59:14: [1;33mwarning: [1;39mresult of call to 'withUnsafeMutableBytes' is unused[0;0m [#]8;;https://docs.swift.org/compiler/documentation/diagnostics/no-usage\NoUsage]8;;\]
 [0;36m57 |[0;0m         var data = Data(count: dataSize)
 [0;36m58 |[0;0m         
 [0;36m59 |[0;0m         data.withUnsafeMutableBytes [4;39m{ ptr in[0;0m
    [0;36m|[0;0m              `- [1;33mwarning: [1;39mresult of call to 'withUnsafeMutableBytes' is unused[0;0m [#]8;;https://docs.swift.org/compiler/documentation/diagnostics/no-usage\NoUsage]8;;\]
 [0;36m60 |[0;0m             CMBlockBufferCreateWithMemoryBlock(
 [0;36m61 |[0;0m                 allocator: kCFAllocatorDefault,

/Users/olive/code/omnitag/Tests/TagIOTests/MPEG4ChapterWriterTests.swift:110:13: [1;31merror: [1;39mcannot find 'Chapter' in scope[0;0m
[0;36m108 |[0;0m         // 2. Write chapters
[0;36m109 |[0;0m         let chapters = [
[0;36m110 |[0;0m             [4;39mChapter[0;0m(start: 0, title: "Intro"),
    [0;36m|[0;0m             `- [1;31merror: [1;39mcannot find 'Chapter' in scope[0;0m
[0;36m111 |[0;0m             Chapter(start: 0.5, title: "Outro")
[0;36m112 |[0;0m         ]

/Users/olive/code/omnitag/Tests/TagIOTests/MPEG4ChapterWriterTests.swift:111:13: [1;31merror: [1;39mcannot find 'Chapter' in scope[0;0m
[0;36m109 |[0;0m         let chapters = [
[0;36m110 |[0;0m             Chapter(start: 0, title: "Intro"),
[0;36m111 |[0;0m             [4;39mChapter[0;0m(start: 0.5, title: "Outro")
    [0;36m|[0;0m             `- [1;31merror: [1;39mcannot find 'Chapter' in scope[0;0m
[0;36m112 |[0;0m         ]
[0;36m113 |[0;0m         

/Users/olive/code/omnitag/Tests/TagIOTests/MPEG4ChapterWriterTests.swift:115:20: [1;31merror: [1;39mfailed to produce diagnostic for expression; please submit a bug report (https://swift.org/contributing/#reporting-bugs)[0;0m
[0;36m113 |[0;0m         
[0;36m114 |[0;0m         let writer = MPEG4ChapterWriter()
[0;36m115 |[0;0m         [4;39mtry writer.writeChapters(chapters, to: baseURL, destination: tempURL)[0;0m
    [0;36m|[0;0m                    `- [1;31merror: [1;39mfailed to produce diagnostic for expression; please submit a bug report (https://swift.org/contributing/#reporting-bugs)[0;0m
[0;36m116 |[0;0m         
[0;36m117 |[0;0m         // 3. Verify chapters using AVTagReader

/Users/olive/code/omnitag/Tests/TagIOTests/MPEG4ChapterWriterTests.swift:119:21: [1;33mwarning: [1;39m'init(url:)' was deprecated in macOS 15.0: Use AVURLAsset(url:) instead[0;0m [#]8;;https://docs.swift.org/compiler/documentation/diagnostics/deprecated-declaration\DeprecatedDeclaration]8;;\]
[0;36m117 |[0;0m         // 3. Verify chapters using AVTagReader
[0;36m118 |[0;0m         let reader = AVTagReader()
[0;36m119 |[0;0m         let asset = AVAsset(url: tempURL)
    [0;36m|[0;0m                     `- [1;33mwarning: [1;39m'init(url:)' was deprecated in macOS 15.0: Use AVURLAsset(url:) instead[0;0m [#]8;;https://docs.swift.org/compiler/documentation/diagnostics/deprecated-declaration\DeprecatedDeclaration]8;;\]
[0;36m120 |[0;0m         let readChapters = try reader.chapters(of: asset)
[0;36m121 |[0;0m         

/Users/olive/code/omnitag/Tests/TagIOTests/MPEG4ChapterWriterTests.swift:120:32: [1;31merror: [1;39mstatic member 'chapters' cannot be used on instance of type 'AVTagReader'[0;0m
[0;36m118 |[0;0m         let reader = AVTagReader()
[0;36m119 |[0;0m         let asset = AVAsset(url: tempURL)
[0;36m120 |[0;0m         let readChapters = try [4;39mreader[0;0m.chapters(of: asset)
    [0;36m|[0;0m                                `- [1;31merror: [1;39mstatic member 'chapters' cannot be used on instance of type 'AVTagReader'[0;0m
[0;36m121 |[0;0m         
[0;36m122 |[0;0m         XCTAssertEqual(readChapters.count, 2)

[#DeprecatedDeclaration]: <https://docs.swift.org/compiler/documentation/diagnostics/deprecated-declaration>
[#NoUsage]: <https://docs.swift.org/compiler/documentation/diagnostics/no-usage>
Failed frontend command:
/Applications/Xcode-beta.app/Contents/Developer/Toolchains/XcodeDefault.xctoolchain/usr/bin/swift-frontend -frontend -c /Users/olive/code/omnitag/.build/out/Intermediates.noindex/omnitag.build/Debug/TagIOTests-p.build/DerivedSources/test_entry_point.swift /Users/olive/code/omnitag/Tests/TagIOTests/AVTagReaderTests.swift /Users/olive/code/omnitag/Tests/TagIOTests/EBMLTests.swift /Users/olive/code/omnitag/Tests/TagIOTests/EBMLWriterTests.swift /Users/olive/code/omnitag/Tests/TagIOTests/ID3KeyMapTests.swift /Users/olive/code/omnitag/Tests/TagIOTests/ID3v2Tests.swift -primary-file /Users/olive/code/omnitag/Tests/TagIOTests/MPEG4ChapterWriterTests.swift /Users/olive/code/omnitag/Tests/TagIOTests/MPEG4TagWriterTests.swift /Users/olive/code/omnitag/Tests/TagIOTests/MatroskaTests.swift /Users/olive/code/omnitag/Tests/TagIOTests/MatroskaWriterTests.swift /Users/olive/code/omnitag/Tests/TagIOTests/MediaTagReaderTests.swift /Users/olive/code/omnitag/Tests/TagIOTests/ScannerTests.swift /Users/olive/code/omnitag/Tests/TagIOTests/TwinPeaks.swift -emit-dependencies-path /Users/olive/code/omnitag/.build/out/Intermediates.noindex/omnitag.build/Debug/TagIOTests-p.build/Objects-normal/arm64/MPEG4ChapterWriterTests.d -emit-const-values-path /Users/olive/code/omnitag/.build/out/Intermediates.noindex/omnitag.build/Debug/TagIOTests-p.build/Objects-normal/arm64/MPEG4ChapterWriterTests.swiftconstvalues -emit-reference-dependencies-path /Users/olive/code/omnitag/.build/out/Intermediates.noindex/omnitag.build/Debug/TagIOTests-p.build/Objects-normal/arm64/MPEG4ChapterWriterTests.swiftdeps -serialize-diagnostics-path /Users/olive/code/omnitag/.build/out/Intermediates.noindex/omnitag.build/Debug/TagIOTests-p.build/Objects-normal/arm64/MPEG4ChapterWriterTests.dia -target arm64-apple-macos26.0 -module-can-import-version Testing 2078 0 -module-can-import-version XCTest 25227 0 -disable-cross-import-overlay-search -swift-module-cross-import Testing /Applications/Xcode-beta.app/Contents/Developer/Platforms/MacOSX.platform/Developer/Library/Frameworks/Testing.framework/Modules/Testing.swiftcrossimport/AppKit.swiftoverlay -swift-module-cross-import Testing /Applications/Xcode-beta.app/Contents/Developer/Platforms/MacOSX.platform/Developer/Library/Frameworks/Testing.framework/Modules/Testing.swiftcrossimport/CoreGraphics.swiftoverlay -swift-module-cross-import Testing /Applications/Xcode-beta.app/Contents/Developer/Platforms/MacOSX.platform/Developer/Library/Frameworks/Testing.framework/Modules/Testing.swiftcrossimport/CoreImage.swiftoverlay -swift-module-cross-import Testing /Applications/Xcode-beta.app/Contents/Developer/Platforms/MacOSX.platform/Developer/Library/Frameworks/Testing.framework/Modules/Testing.swiftcrossimport/CoreTransferable.swiftoverlay -swift-module-cross-import Testing /Applications/Xcode-beta.app/Contents/Developer/Platforms/MacOSX.platform/Developer/Library/Frameworks/Testing.framework/Modules/Testing.swiftcrossimport/Foundation.swiftoverlay -load-resolved-plugin /Applications/Xcode-beta.app/Contents/Developer/Platforms/MacOSX.platform/Developer/usr/lib/swift/host/plugins/libFoundationMacros.dylib\#/Applications/Xcode-beta.app/Contents/Developer/Platforms/MacOSX.platform/Developer/usr/bin/swift-plugin-server\#FoundationMacros -load-resolved-plugin /Applications/Xcode-beta.app/Contents/Developer/Platforms/MacOSX.platform/Developer/usr/lib/swift/host/plugins/libObservationMacros.dylib\#/Applications/Xcode-beta.app/Contents/Developer/Platforms/MacOSX.platform/Developer/usr/bin/swift-plugin-server\#ObservationMacros -load-resolved-plugin /Applications/Xcode-beta.app/Contents/Developer/Platforms/MacOSX.platform/Developer/usr/lib/swift/host/plugins/libPreviewsMacros.dylib\#/Applications/Xcode-beta.app/Contents/Developer/Platforms/MacOSX.platform/Developer/usr/bin/swift-plugin-server\#PreviewsMacros -load-resolved-plugin /Applications/Xcode-beta.app/Contents/Developer/Platforms/MacOSX.platform/Developer/usr/lib/swift/host/plugins/libSwiftMacros.dylib\#/Applications/Xcode-beta.app/Contents/Developer/Platforms/MacOSX.platform/Developer/usr/bin/swift-plugin-server\#SwiftMacros -load-resolved-plugin /Applications/Xcode-beta.app/Contents/Developer/Platforms/MacOSX.platform/Developer/usr/lib/swift/host/plugins/libSwiftUIMacros.dylib\#/Applications/Xcode-beta.app/Contents/Developer/Platforms/MacOSX.platform/Developer/usr/bin/swift-plugin-server\#SwiftUIMacros -load-resolved-plugin /Applications/Xcode-beta.app/Contents/Developer/Toolchains/XcodeDefault.xctoolchain/usr/lib/swift/host/plugins/testing/libTestingMacros.dylib\#\#TestingMacros -disable-implicit-swift-modules -Xcc -fno-implicit-modules -Xcc -fno-implicit-module-maps -explicit-swift-module-map-file /Users/olive/code/omnitag/.build/out/Intermediates.noindex/omnitag.build/Debug/TagIOTests-p.build/Objects-normal/arm64/TagIOTests-dependencies-1.json -Xllvm -aarch64-use-tbi -enable-objc-interop -stack-check -sdk /Applications/Xcode-beta.app/Contents/Developer/Platforms/MacOSX.platform/Developer/SDKs/MacOSX27.0.sdk -I /Users/olive/code/omnitag/.build/out/Products/Debug -Isystem /Applications/Xcode-beta.app/Contents/Developer/Platforms/MacOSX.platform/Developer/usr/lib -F /Users/olive/code/omnitag/.build/out/Products/Debug/PackageFrameworks -F /Users/olive/code/omnitag/.build/out/Products/Debug -F /Applications/Xcode-beta.app/Contents/Developer/Platforms/MacOSX.platform/Developer/Library/Frameworks -module-cache-path /Users/olive/code/omnitag/.build/out/Intermediates.noindex/SwiftExplicitPrecompiledModules -color-diagnostics -Xcc -fcolor-diagnostics -enable-testing -g -debug-info-format\=dwarf -dwarf-version\=5 -swift-version 6 -Onone -D SWIFT_PACKAGE -D DEBUG -D Xcode -serialize-debugging-options -enable-experimental-feature DebugDescriptionMacro -empty-abi-descriptor -validate-clang-modules-once -clang-build-session-file /Users/olive/code/omnitag/.build/out/ModuleCache.noindex/Session.modulevalidation -Xcc -working-directory -Xcc /Users/olive/code -enable-anonymous-context-mangled-names -file-compilation-dir /Users/olive/code -Xcc -D_LIBCPP_HARDENING_MODE\=_LIBCPP_HARDENING_MODE_DEBUG -Xcc -ivfsstatcache -Xcc /Users/olive/code/omnitag/.build/out/SDKStatCaches.noindex/macosx27.0-26A5419a-a0facfad118c1a7a18f0aad9463f654945874285e5972fffeae925c4ab065928.sdkstatcache -Xcc -fmodules-prune-interval\=86400 -Xcc -fmodules-prune-after\=345600 -Xcc -I/Users/olive/code/omnitag/.build/out/Products/Debug/include -Xcc -I/Users/olive/code/omnitag/.build/out/Intermediates.noindex/omnitag.build/Debug/TagIOTests-p.build/DerivedSources-normal/arm64 -Xcc -I/Users/olive/code/omnitag/.build/out/Intermediates.noindex/omnitag.build/Debug/TagIOTests-p.build/DerivedSources/arm64 -Xcc -I/Users/olive/code/omnitag/.build/out/Intermediates.noindex/omnitag.build/Debug/TagIOTests-p.build/DerivedSources -Xcc -DSWIFT_PACKAGE -Xcc -DDEBUG\=1 -no-auto-bridging-header-chaining -module-name TagIOTests -package-name omnitag -const-gather-protocols-file /Users/olive/code/omnitag/.build/out/Intermediates.noindex/omnitag.build/Debug/TagIOTests-p.build/Objects-normal/arm64/TagIOTests_const_extract_protocols.json -disable-clang-spi -clang-target arm64-apple-macos27.0 -target-sdk-version 27.0 -target-sdk-name macosx27.0 -in-process-plugin-server-path /Applications/Xcode-beta.app/Contents/Developer/Toolchains/XcodeDefault.xctoolchain/usr/lib/swift/host/libSwiftInProcPluginServer.dylib -parse-as-library -o /Users/olive/code/omnitag/.build/out/Intermediates.noindex/omnitag.build/Debug/TagIOTests-p.build/Objects-normal/arm64/MPEG4ChapterWriterTests.o -debug-module-path /Users/olive/code/omnitag/.build/out/Intermediates.noindex/omnitag.build/Debug/TagIOTests-p.build/Objects-normal/arm64/TagIOTests.swiftmodule -index-unit-output-path /omnitag.build/Debug/TagIOTests-p.build/Objects-normal/arm64/MPEG4ChapterWriterTests.o -index-store-path /Users/olive/code/omnitag/.build/out -index-system-modules
error: Build failed
error: fatalError
